
Thu Nov  6 23:59:47 UTC 2025
Fri Nov  7 01:14:47 UTC 2025
=== Keepalive triggered at 2025-11-07 08:41:31 WIB ===
Ping status: 303000
=== Keepalive triggered at 2025-11-07 18:13:42 WIB ===
Ping status: 303000
=== Keepalive triggered at 2025-11-08 05:14:46 WIB ===
Ping status: 303000
=== Keepalive triggered at 2025-11-08 08:11:01 WIB ===
Ping status: 303000
=== Keepalive triggered at 2025-11-08 18:12:03 WIB ===
Ping status: 303000
=== Keepalive triggered at 2025-11-09 05:13:10 WIB ===
Ping status: 303000
=== Keepalive triggered at 2025-11-09 08:18:12 WIB ===
Ping status: 303000
=== Keepalive triggered at 2025-11-09 18:11:48 WIB ===
Ping status: 303000
=== Keepalive triggered at 2025-11-10 05:14:25 WIB ===
Ping status: 303000
=== Keepalive triggered at 2025-11-10 08:17:57 WIB ===
Ping status: 303000
=== Keepalive triggered at 2025-11-10 18:14:13 WIB ===
Ping status: 303000
=== Keepalive triggered at 2025-11-11 05:15:58 WIB ===
Ping status: 303000
=== Keepalive triggered at 2025-11-11 08:16:01 WIB ===
Ping status: 303000
=== Keepalive triggered at 2025-11-11 18:14:30 WIB ===
Ping status: 303000
=== Keepalive triggered at 2025-11-12 05:15:36 WIB ===
Ping status: 303000
=== Keepalive triggered at 2025-11-12 08:15:17 WIB ===
Ping status: 303000
=== Keepalive triggered at 2025-11-12 18:14:17 WIB ===
Ping status: 303000
=== Keepalive triggered at 2025-11-13 05:15:40 WIB ===
Ping status: 303000
=== Keepalive triggered at 2025-11-13 08:15:57 WIB ===
Ping status: 303000
=== Keepalive triggered at 2025-11-13 18:15:00 WIB ===
Ping status: 303000
=== Keepalive triggered at 2025-11-14 05:15:56 WIB ===
Ping status: 303000
=== Keepalive triggered at 2025-11-14 08:15:21 WIB ===
Ping status: 303000
=== Keepalive triggered at 2025-11-14 18:14:04 WIB ===
Ping status: 303000
=== Keepalive triggered at 2025-11-15 05:15:05 WIB ===
Ping status: 303000
=== Keepalive triggered at 2025-11-15 08:13:16 WIB ===
Ping status: 303000
=== Keepalive triggered at 2025-11-15 18:11:52 WIB ===
Ping status: 303000
=== Keepalive triggered at 2025-11-16 05:11:37 WIB ===
Ping status: 303000
=== Keepalive triggered at 2025-11-16 08:20:15 WIB ===
Ping status: 303000
=== Keepalive triggered at 2025-11-16 18:12:10 WIB ===
Ping status: 303000
=== Keepalive triggered at 2025-11-17 05:14:37 WIB ===
Ping status: 303000
=== Keepalive triggered at 2025-11-17 08:16:14 WIB ===
Ping status: 303000
=== Keepalive triggered at 2025-11-17 18:14:20 WIB ===
Ping status: 303000
=== Keepalive triggered at 2025-11-18 05:15:32 WIB ===
Ping status: 303000
=== Keepalive triggered at 2025-11-18 08:15:21 WIB ===
Ping status: 303000
=== Keepalive triggered at 2025-11-18 18:15:05 WIB ===
Ping status: 303000
=== Keepalive triggered at 2025-11-19 05:15:58 WIB ===
Ping status: 303000
=== Keepalive triggered at 2025-11-19 08:15:04 WIB ===
Ping status: 303000
=== Keepalive triggered at 2025-11-19 18:14:22 WIB ===
Ping status: 303000
=== Keepalive triggered at 2025-11-20 05:15:37 WIB ===
Ping status: 303000
=== Keepalive triggered at 2025-11-20 08:13:50 WIB ===
Ping status: 303000
=== Keepalive triggered at 2025-11-20 18:14:43 WIB ===
Ping status: 303000
=== Keepalive triggered at 2025-11-21 05:15:18 WIB ===
Ping status: 303000
=== Keepalive triggered at 2025-11-21 08:14:33 WIB ===
Ping status: 303000
=== Keepalive triggered at 2025-11-21 18:13:52 WIB ===
Ping status: 303000
=== Keepalive triggered at 2025-11-22 05:15:46 WIB ===
Ping status: 303000
=== Keepalive triggered at 2025-11-22 08:11:58 WIB ===
Ping status: 303000
=== Keepalive triggered at 2025-11-22 18:11:50 WIB ===
Ping status: 303000
=== Keepalive triggered at 2025-11-23 05:14:42 WIB ===
Ping status: 303000
=== Keepalive triggered at 2025-11-23 08:24:48 WIB ===
Ping status: 303000
=== Keepalive triggered at 2025-11-23 18:12:30 WIB ===
Ping status: 303000
=== Keepalive triggered at 2025-11-24 05:14:44 WIB ===
Ping status: 303000
=== Keepalive triggered at 2025-11-24 08:20:09 WIB ===
Ping status: 303000
=== Keepalive triggered at 2025-11-24 18:14:53 WIB ===
Ping status: 303000
=== Keepalive triggered at 2025-11-25 05:15:35 WIB ===
Ping status: 303000
=== Keepalive triggered at 2025-11-25 08:15:18 WIB ===
Ping status: 303000
=== Keepalive triggered at 2025-11-25 18:14:34 WIB ===
Ping status: 303000
=== Keepalive triggered at 2025-11-26 05:16:17 WIB ===
Ping status: 303000
=== Keepalive triggered at 2025-11-26 08:15:29 WIB ===
Ping status: 303000
=== Keepalive triggered at 2025-11-26 18:15:08 WIB ===
Ping status: 303000
=== Keepalive triggered at 2025-11-27 05:16:01 WIB ===
Ping status: 303000
=== Keepalive triggered at 2025-11-27 08:14:30 WIB ===
Ping status: 303000
=== Keepalive triggered at 2025-11-27 18:15:04 WIB ===
Ping status: 303000
=== Keepalive triggered at 2025-11-28 05:15:09 WIB ===
Ping status: 303000
=== Keepalive triggered at 2025-11-28 08:13:47 WIB ===
Ping status: 303000
=== Keepalive triggered at 2025-11-28 18:14:44 WIB ===
Ping status: 303000
=== Keepalive triggered at 2025-11-29 05:15:05 WIB ===
Ping status: 303000
=== Keepalive triggered at 2025-11-29 08:13:58 WIB ===
Ping status: 303000
=== Keepalive triggered at 2025-11-29 18:12:37 WIB ===
Ping status: 303000
=== Keepalive triggered at 2025-11-30 05:14:51 WIB ===
Ping status: 303000
=== Keepalive triggered at 2025-11-30 08:24:14 WIB ===
Ping status: 303000
=== Keepalive triggered at 2025-11-30 18:12:30 WIB ===
Ping status: 303000
=== Keepalive triggered at 2025-12-01 05:15:01 WIB ===
Ping status: 303000
=== Keepalive triggered at 2025-12-01 08:28:43 WIB ===
Ping status: 303000
=== Keepalive triggered at 2025-12-01 18:15:21 WIB ===
Ping status: 303000
=== Keepalive triggered at 2025-12-02 05:14:34 WIB ===
Ping status: 303000
=== Keepalive triggered at 2025-12-02 08:17:01 WIB ===
Ping status: 303000
=== Keepalive triggered at 2025-12-02 18:16:23 WIB ===
Ping status: 303000
=== Keepalive triggered at 2025-12-03 05:14:32 WIB ===
Ping status: 303000
=== Keepalive triggered at 2025-12-03 08:17:16 WIB ===
Ping status: 303000
=== Keepalive triggered at 2025-12-03 18:15:51 WIB ===
Ping status: 303000
=== Keepalive triggered at 2025-12-04 05:17:09 WIB ===
Ping status: 303000
=== Keepalive triggered at 2025-12-04 08:17:13 WIB ===
Ping status: 303000
=== Keepalive triggered at 2025-12-04 18:16:33 WIB ===
Ping status: 303000
=== Keepalive triggered at 2025-12-05 05:17:20 WIB ===
Ping status: 303000
=== Keepalive triggered at 2025-12-05 08:17:49 WIB ===
Ping status: 303000
=== Keepalive triggered at 2025-12-05 18:16:10 WIB ===
Ping status: 303000
=== Keepalive triggered at 2025-12-06 05:15:58 WIB ===
Ping status: 303000
=== Keepalive triggered at 2025-12-06 08:13:45 WIB ===
Ping status: 303000
=== Keepalive triggered at 2025-12-06 18:13:10 WIB ===
Ping status: 303000
=== Keepalive triggered at 2025-12-07 05:14:41 WIB ===
Ping status: 303000
=== Keepalive triggered at 2025-12-07 08:24:31 WIB ===
Ping status: 303000
=== Keepalive triggered at 2025-12-07 18:12:47 WIB ===
Ping status: 303000
=== Keepalive triggered at 2025-12-08 05:14:47 WIB ===
Ping status: 303000
=== Keepalive triggered at 2025-12-08 08:17:59 WIB ===
Ping status: 303000
=== Keepalive triggered at 2025-12-08 18:15:34 WIB ===
Ping status: 303000
=== Keepalive triggered at 2025-12-09 05:16:17 WIB ===
Ping status: 303000
=== Keepalive triggered at 2025-12-09 08:17:13 WIB ===
Ping status: 303000
=== Keepalive triggered at 2025-12-09 18:15:56 WIB ===
Ping status: 303000
=== Keepalive triggered at 2025-12-10 05:17:16 WIB ===
Ping status: 303000
=== Keepalive triggered at 2025-12-10 08:19:06 WIB ===
Ping status: 303000
=== Keepalive triggered at 2025-12-10 18:15:30 WIB ===
Ping status: 303000
=== Keepalive triggered at 2025-12-11 05:17:14 WIB ===
Ping status: 303000
=== Keepalive triggered at 2025-12-11 08:19:46 WIB ===
Ping status: 303000
=== Keepalive triggered at 2025-12-11 18:15:36 WIB ===
Ping status: 303000
=== Keepalive triggered at 2025-12-12 05:16:55 WIB ===
Ping status: 303000
=== Keepalive triggered at 2025-12-12 08:19:34 WIB ===
Ping status: 303000
=== Keepalive triggered at 2025-12-12 18:16:26 WIB ===
Ping status: 303000
=== Keepalive triggered at 2025-12-13 05:16:39 WIB ===
Ping status: 303000
=== Keepalive triggered at 2025-12-13 08:14:58 WIB ===
Ping status: 303000
=== Keepalive triggered at 2025-12-13 18:13:02 WIB ===
Ping status: 303000
=== Keepalive triggered at 2025-12-14 05:14:55 WIB ===
Ping status: 303000
=== Keepalive triggered at 2025-12-14 08:24:57 WIB ===
Ping status: 303000
=== Keepalive triggered at 2025-12-14 18:13:35 WIB ===
Ping status: 303000
=== Keepalive triggered at 2025-12-15 05:14:50 WIB ===
Ping status: 303000
=== Keepalive triggered at 2025-12-15 08:21:49 WIB ===
Ping status: 303000
=== Keepalive triggered at 2025-12-15 18:15:56 WIB ===
Ping status: 303000
=== Keepalive triggered at 2025-12-16 05:17:04 WIB ===
Ping status: 303000
=== Keepalive triggered at 2025-12-16 08:20:20 WIB ===
Ping status: 303000
=== Keepalive triggered at 2025-12-16 18:15:59 WIB ===
Ping status: 303000
=== Keepalive triggered at 2025-12-17 05:16:21 WIB ===
Ping status: 303000
=== Keepalive triggered at 2025-12-17 08:15:43 WIB ===
Ping status: 303000
=== Keepalive triggered at 2025-12-17 18:16:47 WIB ===
Ping status: 303000
=== Keepalive triggered at 2025-12-18 05:16:44 WIB ===
Ping status: 303000
=== Keepalive triggered at 2025-12-18 08:16:20 WIB ===
Ping status: 303000
=== Keepalive triggered at 2025-12-18 18:16:08 WIB ===
Ping status: 303000
=== Keepalive triggered at 2025-12-19 05:16:28 WIB ===
Ping status: 303000
=== Keepalive triggered at 2025-12-19 08:19:46 WIB ===
Ping status: 303000
=== Keepalive triggered at 2025-12-19 18:15:34 WIB ===
Ping status: 303000
=== Keepalive triggered at 2025-12-20 05:16:47 WIB ===
Ping status: 303000
=== Keepalive triggered at 2025-12-20 08:15:38 WIB ===
Ping status: 303000
=== Keepalive triggered at 2025-12-20 18:13:06 WIB ===
Ping status: 303000
=== Keepalive triggered at 2025-12-21 05:14:48 WIB ===
Ping status: 303000
=== Keepalive triggered at 2025-12-21 08:24:39 WIB ===
Ping status: 303000
=== Keepalive triggered at 2025-12-21 18:13:37 WIB ===
Ping status: 303000
=== Keepalive triggered at 2025-12-22 05:15:45 WIB ===
Ping status: 303000
=== Keepalive triggered at 2025-12-22 08:23:03 WIB ===
Ping status: 303000
=== Keepalive triggered at 2025-12-22 18:15:06 WIB ===
Ping status: 303000
=== Keepalive triggered at 2025-12-23 05:16:49 WIB ===
Ping status: 303000
=== Keepalive triggered at 2025-12-23 08:19:43 WIB ===
Ping status: 303000
=== Keepalive triggered at 2025-12-23 18:15:37 WIB ===
Ping status: 303000
=== Keepalive triggered at 2025-12-24 05:16:26 WIB ===
Ping status: 303000
=== Keepalive triggered at 2025-12-24 08:18:53 WIB ===
Ping status: 303000
=== Keepalive triggered at 2025-12-24 18:15:42 WIB ===
Ping status: 303000
=== Keepalive triggered at 2025-12-25 05:16:38 WIB ===
Ping status: 303000
=== Keepalive triggered at 2025-12-25 08:19:39 WIB ===
Ping status: 303000
=== Keepalive triggered at 2025-12-25 18:15:03 WIB ===
Ping status: 303000
=== Keepalive triggered at 2025-12-26 05:16:19 WIB ===
Ping status: 303000
=== Keepalive triggered at 2025-12-26 08:19:43 WIB ===
Ping status: 303000
=== Keepalive triggered at 2025-12-26 18:15:32 WIB ===
Ping status: 303000
=== Keepalive triggered at 2025-12-27 05:16:32 WIB ===
Ping status: 303000
=== Keepalive triggered at 2025-12-27 08:17:49 WIB ===
Ping status: 303000
=== Keepalive triggered at 2025-12-27 18:13:26 WIB ===
Ping status: 303000
=== Keepalive triggered at 2025-12-28 05:15:13 WIB ===
Ping status: 303000
=== Keepalive triggered at 2025-12-28 08:28:26 WIB ===
Ping status: 303000
=== Keepalive triggered at 2025-12-28 18:14:07 WIB ===
Ping status: 303000
=== Keepalive triggered at 2025-12-29 05:16:18 WIB ===
Ping status: 303000
=== Keepalive triggered at 2025-12-29 08:25:47 WIB ===
Ping status: 303000
=== Keepalive triggered at 2025-12-29 18:15:53 WIB ===
Ping status: 303000
=== Keepalive triggered at 2025-12-30 05:16:25 WIB ===
Ping status: 303000
=== Keepalive triggered at 2025-12-30 08:20:06 WIB ===
Ping status: 303000
=== Keepalive triggered at 2025-12-30 18:16:00 WIB ===
Ping status: 303000
=== Keepalive triggered at 2025-12-31 05:16:07 WIB ===
Ping status: 303000
=== Keepalive triggered at 2025-12-31 08:21:08 WIB ===
Ping status: 303000
=== Keepalive triggered at 2025-12-31 18:15:40 WIB ===
Ping status: 303000
=== Keepalive triggered at 2026-01-01 05:17:08 WIB ===
Ping status: 303000
=== Keepalive triggered at 2026-01-01 08:28:13 WIB ===
Ping status: 303000
=== Keepalive triggered at 2026-01-01 18:14:58 WIB ===
Ping status: 303000
=== Keepalive triggered at 2026-01-02 05:16:23 WIB ===
Ping status: 303000
=== Keepalive triggered at 2026-01-02 08:21:38 WIB ===
Ping status: 303000
=== Keepalive triggered at 2026-01-02 18:15:15 WIB ===
Ping status: 303000
=== Keepalive triggered at 2026-01-03 05:16:36 WIB ===
Ping status: 303000
=== Keepalive triggered at 2026-01-03 08:17:02 WIB ===
Ping status: 303000
=== Keepalive triggered at 2026-01-03 18:13:33 WIB ===
Ping status: 303000
=== Keepalive triggered at 2026-01-04 05:15:49 WIB ===
Ping status: 303000
=== Keepalive triggered at 2026-01-04 08:29:11 WIB ===
Ping status: 303000
=== Keepalive triggered at 2026-01-04 18:13:53 WIB ===
Ping status: 303000
=== Keepalive triggered at 2026-01-05 05:16:24 WIB ===
Ping status: 303000
=== Keepalive triggered at 2026-01-05 08:27:58 WIB ===
Ping status: 303000
=== Keepalive triggered at 2026-01-05 18:16:14 WIB ===
Ping status: 303000
=== Keepalive triggered at 2026-01-06 05:17:18 WIB ===
Ping status: 303000
=== Keepalive triggered at 2026-01-06 08:21:28 WIB ===
Ping status: 303000
=== Keepalive triggered at 2026-01-06 18:15:49 WIB ===
Ping status: 303000
=== Keepalive triggered at 2026-01-07 05:17:27 WIB ===
Ping status: 303000
=== Keepalive triggered at 2026-01-07 08:21:33 WIB ===
Ping status: 303000
=== Keepalive triggered at 2026-01-07 18:17:00 WIB ===
Ping status: 303000
=== Keepalive triggered at 2026-01-08 05:17:21 WIB ===
Ping status: 303000
=== Keepalive triggered at 2026-01-08 08:22:17 WIB ===
Ping status: 303000
=== Keepalive triggered at 2026-01-08 18:17:31 WIB ===
Ping status: 303000
=== Keepalive triggered at 2026-01-09 05:17:53 WIB ===
Ping status: 303000
=== Keepalive triggered at 2026-01-09 08:22:17 WIB ===
Ping status: 303000
=== Keepalive triggered at 2026-01-09 18:16:22 WIB ===
Ping status: 303000
=== Keepalive triggered at 2026-01-10 05:17:35 WIB ===
Ping status: 303000
=== Keepalive triggered at 2026-01-10 08:19:52 WIB ===
Ping status: 303000
=== Keepalive triggered at 2026-01-10 18:14:01 WIB ===
Ping status: 303000
=== Keepalive triggered at 2026-01-11 05:16:13 WIB ===
Ping status: 303000
=== Keepalive triggered at 2026-01-11 08:28:57 WIB ===
Ping status: 303000
=== Keepalive triggered at 2026-01-11 18:14:17 WIB ===
Ping status: 303000
=== Keepalive triggered at 2026-01-12 05:15:59 WIB ===
Ping status: 303000
=== Keepalive triggered at 2026-01-12 08:25:28 WIB ===
Ping status: 303000
=== Keepalive triggered at 2026-01-12 18:17:06 WIB ===
Ping status: 303000
=== Keepalive triggered at 2026-01-13 05:15:53 WIB ===
Ping status: 303000
=== Keepalive triggered at 2026-01-13 08:18:46 WIB ===
Ping status: 303000
=== Keepalive triggered at 2026-01-13 18:17:15 WIB ===
Ping status: 303000
=== Keepalive triggered at 2026-01-14 05:18:21 WIB ===
Ping status: 303000
=== Keepalive triggered at 2026-01-14 08:24:45 WIB ===
Ping status: 303000
=== Keepalive triggered at 2026-01-14 18:17:49 WIB ===
Ping status: 303000
=== Keepalive triggered at 2026-01-15 05:18:39 WIB ===
Ping status: 303000
=== Keepalive triggered at 2026-01-15 08:20:32 WIB ===
Ping status: 303000
=== Keepalive triggered at 2026-01-15 18:16:49 WIB ===
Ping status: 303000
=== Keepalive triggered at 2026-01-16 05:18:25 WIB ===
Ping status: 303000
=== Keepalive triggered at 2026-01-16 08:22:44 WIB ===
Ping status: 303000
=== Keepalive triggered at 2026-01-16 18:16:23 WIB ===
Ping status: 303000
=== Keepalive triggered at 2026-01-17 05:17:36 WIB ===
Ping status: 303000
=== Keepalive triggered at 2026-01-17 08:18:55 WIB ===
Ping status: 303000
=== Keepalive triggered at 2026-01-17 18:13:49 WIB ===
Ping status: 303000
=== Keepalive triggered at 2026-01-18 05:16:14 WIB ===
Ping status: 303000
=== Keepalive triggered at 2026-01-18 08:28:04 WIB ===
Ping status: 303000
=== Keepalive triggered at 2026-01-18 18:13:47 WIB ===
Ping status: 303000
=== Keepalive triggered at 2026-01-19 05:15:58 WIB ===
Ping status: 303000
=== Keepalive triggered at 2026-01-19 08:26:19 WIB ===
Ping status: 303000
=== Keepalive triggered at 2026-01-19 18:18:32 WIB ===
Ping status: 303000
=== Keepalive triggered at 2026-01-20 05:17:54 WIB ===
Ping status: 303000
=== Keepalive triggered at 2026-01-20 08:21:45 WIB ===
Ping status: 303000
=== Keepalive triggered at 2026-01-20 18:20:13 WIB ===
Ping status: 303000
=== Keepalive triggered at 2026-01-21 05:19:37 WIB ===
Ping status: 303000
=== Keepalive triggered at 2026-01-21 08:24:21 WIB ===
Ping status: 303000
=== Keepalive triggered at 2026-01-21 18:20:45 WIB ===
Ping status: 303000
=== Keepalive triggered at 2026-01-22 05:20:33 WIB ===
Ping status: 303000
=== Keepalive triggered at 2026-01-22 08:24:36 WIB ===
Ping status: 303000
=== Keepalive triggered at 2026-01-22 18:20:13 WIB ===
Ping status: 303000
=== Keepalive triggered at 2026-01-23 05:19:05 WIB ===
Ping status: 303000
=== Keepalive triggered at 2026-01-23 08:22:20 WIB ===
Ping status: 303000
=== Keepalive triggered at 2026-01-23 18:17:44 WIB ===
Ping status: 303000
=== Keepalive triggered at 2026-01-24 05:15:04 WIB ===
Ping status: 303000
=== Keepalive triggered at 2026-01-24 08:20:20 WIB ===
Ping status: 303000
=== Keepalive triggered at 2026-01-24 18:14:37 WIB ===
Ping status: 303000
=== Keepalive triggered at 2026-01-25 05:16:14 WIB ===
Ping status: 303000
=== Keepalive triggered at 2026-01-25 08:39:59 WIB ===
Ping status: 303000
=== Keepalive triggered at 2026-01-25 18:14:34 WIB ===
Ping status: 303000
=== Keepalive triggered at 2026-01-26 05:16:40 WIB ===
Ping status: 303000
=== Keepalive triggered at 2026-01-26 08:28:49 WIB ===
Ping status: 303000
=== Keepalive triggered at 2026-01-26 18:17:52 WIB ===
Ping status: 303000
=== Keepalive triggered at 2026-01-27 05:18:13 WIB ===
Ping status: 303000
=== Keepalive triggered at 2026-01-27 08:27:48 WIB ===
Ping status: 303000
=== Keepalive triggered at 2026-01-27 18:20:09 WIB ===
Ping status: 303000
=== Keepalive triggered at 2026-01-28 05:19:32 WIB ===
Ping status: 303000
=== Keepalive triggered at 2026-01-28 08:24:10 WIB ===
Ping status: 303000
=== Keepalive triggered at 2026-01-28 18:20:17 WIB ===
Ping status: 303000
=== Keepalive triggered at 2026-01-29 05:22:31 WIB ===
Ping status: 303000
=== Keepalive triggered at 2026-01-29 08:44:40 WIB ===
Ping status: 303000
=== Keepalive triggered at 2026-01-29 18:27:32 WIB ===
Ping status: 303000
=== Keepalive triggered at 2026-01-30 05:23:42 WIB ===
Ping status: 303000
=== Keepalive triggered at 2026-01-30 08:45:25 WIB ===
Ping status: 303000
=== Keepalive triggered at 2026-01-30 18:24:44 WIB ===
Ping status: 303000
=== Keepalive triggered at 2026-01-31 05:20:41 WIB ===
Ping status: 303000
=== Keepalive triggered at 2026-01-31 08:41:32 WIB ===
Ping status: 303000
=== Keepalive triggered at 2026-01-31 18:17:10 WIB ===
Ping status: 303000
=== Keepalive triggered at 2026-02-01 05:18:50 WIB ===
Ping status: 303000
=== Keepalive triggered at 2026-02-01 08:59:32 WIB ===
Ping status: 303000
=== Keepalive triggered at 2026-02-01 18:18:29 WIB ===
Ping status: 303000
=== Keepalive triggered at 2026-02-02 05:20:01 WIB ===
Ping status: 303000
=== Keepalive triggered at 2026-02-02 08:51:55 WIB ===
Ping status: 303000
=== Keepalive triggered at 2026-02-02 18:32:24 WIB ===
Ping status: 303000
=== Keepalive triggered at 2026-02-03 08:51:03 WIB ===
Ping status: 303000
=== Keepalive triggered at 2026-02-03 18:31:08 WIB ===
Ping status: 303000
=== Keepalive triggered at 2026-02-04 05:25:39 WIB ===
Ping status: 303000
=== Keepalive triggered at 2026-02-04 08:45:39 WIB ===
Ping status: 303000
=== Keepalive triggered at 2026-02-04 18:29:48 WIB ===
Ping status: 303000
=== Keepalive triggered at 2026-02-05 05:22:45 WIB ===
Ping status: 303000
=== Keepalive triggered at 2026-02-05 08:47:13 WIB ===
Ping status: 303000
=== Keepalive triggered at 2026-02-05 18:32:19 WIB ===
Ping status: 303000
=== Keepalive triggered at 2026-02-06 05:22:26 WIB ===
Ping status: 303000
=== Keepalive triggered at 2026-02-06 08:46:35 WIB ===
Ping status: 303000
=== Keepalive triggered at 2026-02-06 18:30:08 WIB ===
Ping status: 303000
=== Keepalive triggered at 2026-02-07 05:19:12 WIB ===
Ping status: 303000
=== Keepalive triggered at 2026-02-07 08:43:45 WIB ===
Ping status: 303000
=== Keepalive triggered at 2026-02-07 18:18:18 WIB ===
Ping status: 303000
=== Keepalive triggered at 2026-02-08 05:20:51 WIB ===
Ping status: 303000
=== Keepalive triggered at 2026-02-08 09:10:02 WIB ===
Ping status: 303000
=== Keepalive triggered at 2026-02-08 18:19:52 WIB ===
Ping status: 303000
=== Keepalive triggered at 2026-02-09 05:22:36 WIB ===
Ping status: 303000
=== Keepalive triggered at 2026-02-09 08:53:51 WIB ===
Ping status: 303000
=== Keepalive triggered at 2026-02-09 18:42:18 WIB ===
Ping status: 303000
=== Keepalive triggered at 2026-02-10 05:31:57 WIB ===
Ping status: 303000
=== Keepalive triggered at 2026-02-10 09:04:48 WIB ===
Ping status: 303000
=== Keepalive triggered at 2026-02-10 18:48:22 WIB ===
Ping status: 303000
=== Keepalive triggered at 2026-02-11 05:35:45 WIB ===
Ping status: 303000
=== Keepalive triggered at 2026-02-11 09:00:21 WIB ===
Ping status: 303000
=== Keepalive triggered at 2026-02-11 18:41:11 WIB ===
Ping status: 303000
=== Keepalive triggered at 2026-02-12 05:25:20 WIB ===
Ping status: 303000
=== Keepalive triggered at 2026-02-12 08:53:17 WIB ===
Ping status: 303000
=== Keepalive triggered at 2026-02-12 18:36:19 WIB ===
Ping status: 303000
=== Keepalive triggered at 2026-02-13 05:28:12 WIB ===
Ping status: 303000
=== Keepalive triggered at 2026-02-13 08:55:55 WIB ===
Ping status: 303000
=== Keepalive triggered at 2026-02-13 18:28:19 WIB ===
Ping status: 303000
=== Keepalive triggered at 2026-02-14 05:28:21 WIB ===
Ping status: 303000
=== Keepalive triggered at 2026-02-14 08:46:05 WIB ===
Ping status: 303000
=== Keepalive triggered at 2026-02-14 18:19:14 WIB ===
Ping status: 303000
=== Keepalive triggered at 2026-02-15 05:18:57 WIB ===
Ping status: 303000
=== Keepalive triggered at 2026-02-15 08:55:40 WIB ===
Ping status: 303000
=== Keepalive triggered at 2026-02-15 18:19:10 WIB ===
Ping status: 303000
=== Keepalive triggered at 2026-02-16 05:19:37 WIB ===
Ping status: 303000
=== Keepalive triggered at 2026-02-16 08:51:35 WIB ===
Ping status: 303000
=== Keepalive triggered at 2026-02-16 18:37:09 WIB ===
Ping status: 303000
=== Keepalive triggered at 2026-02-17 05:23:31 WIB ===
Ping status: 303000
=== Keepalive triggered at 2026-02-17 08:49:35 WIB ===
Ping status: 303000
=== Keepalive triggered at 2026-02-17 18:36:32 WIB ===
Ping status: 303000
=== Keepalive triggered at 2026-02-18 05:26:52 WIB ===
Ping status: 303000
=== Keepalive triggered at 2026-02-18 08:53:07 WIB ===
Ping status: 303000
=== Keepalive triggered at 2026-02-18 18:35:31 WIB ===
Ping status: 303000
=== Keepalive triggered at 2026-02-19 05:28:14 WIB ===
Ping status: 303000
=== Keepalive triggered at 2026-02-19 08:52:13 WIB ===
Ping status: 303000
=== Keepalive triggered at 2026-02-19 18:35:07 WIB ===
Ping status: 303000
=== Keepalive triggered at 2026-02-20 05:27:08 WIB ===
Ping status: 303000
=== Keepalive triggered at 2026-02-20 08:47:53 WIB ===
Ping status: 303000
=== Keepalive triggered at 2026-02-20 18:28:46 WIB ===
Ping status: 303000
=== Keepalive triggered at 2026-02-21 05:21:05 WIB ===
Ping status: 303000
=== Keepalive triggered at 2026-02-21 08:43:36 WIB ===
Ping status: 303000
=== Keepalive triggered at 2026-02-21 18:18:15 WIB ===
Ping status: 303000
=== Keepalive triggered at 2026-02-22 05:18:39 WIB ===
Ping status: 303000
=== Keepalive triggered at 2026-02-22 08:50:47 WIB ===
Ping status: 303000
=== Keepalive triggered at 2026-02-22 18:18:09 WIB ===
Ping status: 303000
=== Keepalive triggered at 2026-02-23 05:19:02 WIB ===
Ping status: 303000
=== Keepalive triggered at 2026-02-23 08:52:10 WIB ===
Ping status: 303000
=== Keepalive triggered at 2026-02-23 18:36:56 WIB ===
Ping status: 303000
=== Keepalive triggered at 2026-02-24 05:36:29 WIB ===
Ping status: 303000
=== Keepalive triggered at 2026-02-24 08:49:04 WIB ===
Ping status: 303000
=== Keepalive triggered at 2026-02-24 18:37:08 WIB ===
Ping status: 303000
=== Keepalive triggered at 2026-02-25 05:28:46 WIB ===
Ping status: 303000
=== Keepalive triggered at 2026-02-25 08:51:35 WIB ===
Ping status: 303000
=== Keepalive triggered at 2026-02-25 18:37:16 WIB ===
Ping status: 303000
=== Keepalive triggered at 2026-02-26 05:28:39 WIB ===
Ping status: 303000
=== Keepalive triggered at 2026-02-26 08:47:43 WIB ===
Ping status: 303000
=== Keepalive triggered at 2026-02-26 18:37:02 WIB ===
Ping status: 303000
=== Keepalive triggered at 2026-02-27 05:29:01 WIB ===
Ping status: 303000
=== Keepalive triggered at 2026-02-27 08:46:11 WIB ===
Ping status: 303000
=== Keepalive triggered at 2026-02-27 18:28:46 WIB ===
Ping status: 303000
=== Keepalive triggered at 2026-02-28 05:18:52 WIB ===
Ping status: 303000
=== Keepalive triggered at 2026-02-28 08:27:40 WIB ===
Ping status: 303000
=== Keepalive triggered at 2026-02-28 18:16:09 WIB ===
Ping status: 303000
=== Keepalive triggered at 2026-03-01 05:18:25 WIB ===
Ping status: 303000
=== Keepalive triggered at 2026-03-01 08:57:41 WIB ===
Ping status: 303000
=== Keepalive triggered at 2026-03-01 18:17:08 WIB ===
Ping status: 303000
=== Keepalive triggered at 2026-03-02 05:19:46 WIB ===
Ping status: 303000
=== Keepalive triggered at 2026-03-02 08:49:00 WIB ===
Ping status: 303000
=== Keepalive triggered at 2026-03-02 18:29:09 WIB ===
Ping status: 303000
=== Keepalive triggered at 2026-03-03 05:23:18 WIB ===
Ping status: 303000
=== Keepalive triggered at 2026-03-03 08:51:15 WIB ===
Ping status: 303000
=== Keepalive triggered at 2026-03-03 18:28:53 WIB ===
Ping status: 303000
=== Keepalive triggered at 2026-03-04 05:24:03 WIB ===
Ping status: 303000
=== Keepalive triggered at 2026-03-04 08:45:30 WIB ===
Ping status: 303000
=== Keepalive triggered at 2026-03-04 18:26:58 WIB ===
Ping status: 303000
=== Keepalive triggered at 2026-03-05 05:26:54 WIB ===
Ping status: 303000
=== Keepalive triggered at 2026-03-05 08:48:28 WIB ===
Ping status: 303000
=== Keepalive triggered at 2026-03-05 18:30:35 WIB ===
Ping status: 303000
=== Keepalive triggered at 2026-03-06 05:27:05 WIB ===
Ping status: 303000
=== Keepalive triggered at 2026-03-06 08:49:49 WIB ===
Ping status: 303000
=== Keepalive triggered at 2026-03-06 18:25:08 WIB ===
Ping status: 303000
=== Keepalive triggered at 2026-03-07 05:23:22 WIB ===
Ping status: 303000
=== Keepalive triggered at 2026-03-07 08:41:56 WIB ===
Ping status: 303000
=== Keepalive triggered at 2026-03-07 18:16:23 WIB ===
Ping status: 303000
=== Keepalive triggered at 2026-03-08 05:18:54 WIB ===
Ping status: 303000
=== Keepalive triggered at 2026-03-08 08:49:12 WIB ===
Ping status: 303000
=== Keepalive triggered at 2026-03-08 18:17:46 WIB ===
Ping status: 303000
=== Keepalive triggered at 2026-03-09 05:19:12 WIB ===
Ping status: 303000
=== Keepalive triggered at 2026-03-09 08:50:38 WIB ===
Ping status: 303000
=== Keepalive triggered at 2026-03-09 18:32:00 WIB ===
Ping status: 303000
=== Keepalive triggered at 2026-03-10 05:24:18 WIB ===
Ping status: 303000
=== Keepalive triggered at 2026-03-10 08:43:40 WIB ===
Ping status: 303000
=== Keepalive triggered at 2026-03-10 18:29:24 WIB ===
Ping status: 303000
=== Keepalive triggered at 2026-03-11 05:24:08 WIB ===
Ping status: 303000
=== Keepalive triggered at 2026-03-11 08:43:47 WIB ===
Ping status: 303000
=== Keepalive triggered at 2026-03-11 18:29:33 WIB ===
Ping status: 303000
=== Keepalive triggered at 2026-03-12 05:23:13 WIB ===
Ping status: 303000
=== Keepalive triggered at 2026-03-12 08:45:04 WIB ===
Ping status: 303000
=== Keepalive triggered at 2026-03-12 18:28:44 WIB ===
Ping status: 303000
=== Keepalive triggered at 2026-03-13 05:21:08 WIB ===
Ping status: 303000
=== Keepalive triggered at 2026-03-13 08:47:25 WIB ===
Ping status: 303000
=== Keepalive triggered at 2026-03-13 18:27:38 WIB ===
Ping status: 303000
=== Keepalive triggered at 2026-03-14 05:24:12 WIB ===
Ping status: 303000
=== Keepalive triggered at 2026-03-14 08:45:02 WIB ===
Ping status: 303000
=== Keepalive triggered at 2026-03-14 18:20:09 WIB ===
Ping status: 303000
=== Keepalive triggered at 2026-03-15 05:20:59 WIB ===
Ping status: 303000
=== Keepalive triggered at 2026-03-15 09:01:10 WIB ===
Ping status: 303000
=== Keepalive triggered at 2026-03-15 18:22:31 WIB ===
Ping status: 303000
=== Keepalive triggered at 2026-03-16 05:22:39 WIB ===
Ping status: 303000
=== Keepalive triggered at 2026-03-16 09:02:41 WIB ===
Ping status: 303000
=== Keepalive triggered at 2026-03-16 18:42:34 WIB ===
Ping status: 303000
=== Keepalive triggered at 2026-03-17 05:28:27 WIB ===
Ping status: 303000
=== Keepalive triggered at 2026-03-17 08:49:58 WIB ===
Ping status: 303000
=== Keepalive triggered at 2026-03-17 18:40:39 WIB ===
Ping status: 303000
=== Keepalive triggered at 2026-03-18 05:28:46 WIB ===
Ping status: 303000
=== Keepalive triggered at 2026-03-18 08:54:16 WIB ===
Ping status: 303000
=== Keepalive triggered at 2026-03-18 18:41:51 WIB ===
Ping status: 303000
=== Keepalive triggered at 2026-03-19 05:28:14 WIB ===
Ping status: 303000
=== Keepalive triggered at 2026-03-19 08:54:55 WIB ===
Ping status: 303000
=== Keepalive triggered at 2026-03-19 18:32:25 WIB ===
Ping status: 303000
=== Keepalive triggered at 2026-03-20 05:23:40 WIB ===
Ping status: 303000
=== Keepalive triggered at 2026-03-20 08:49:25 WIB ===
Ping status: 303000
=== Keepalive triggered at 2026-03-20 18:27:58 WIB ===
Ping status: 303000
=== Keepalive triggered at 2026-03-21 05:24:10 WIB ===
Ping status: 303000
=== Keepalive triggered at 2026-03-21 08:43:33 WIB ===
Ping status: 303000
=== Keepalive triggered at 2026-03-21 18:19:35 WIB ===
Ping status: 303000
=== Keepalive triggered at 2026-03-22 05:19:42 WIB ===
Ping status: 303000
=== Keepalive triggered at 2026-03-22 08:54:47 WIB ===
Ping status: 303000
=== Keepalive triggered at 2026-03-22 18:19:53 WIB ===
Ping status: 303000
=== Keepalive triggered at 2026-03-23 05:21:07 WIB ===
Ping status: 303000
=== Keepalive triggered at 2026-03-23 08:55:48 WIB ===
Ping status: 303000
=== Keepalive triggered at 2026-03-23 18:40:42 WIB ===
Ping status: 303000
=== Keepalive triggered at 2026-03-24 05:27:16 WIB ===
Ping status: 303000
=== Keepalive triggered at 2026-03-24 08:47:40 WIB ===
Ping status: 303000
=== Keepalive triggered at 2026-03-24 18:42:06 WIB ===
Ping status: 303000
=== Keepalive triggered at 2026-03-25 05:25:41 WIB ===
Ping status: 303000
=== Keepalive triggered at 2026-03-25 08:53:24 WIB ===
Ping status: 303000
=== Keepalive triggered at 2026-03-25 18:38:46 WIB ===
Ping status: 303000
=== Keepalive triggered at 2026-03-26 05:31:29 WIB ===
Ping status: 303000
=== Keepalive triggered at 2026-03-26 08:59:43 WIB ===
Ping status: 303000
=== Keepalive triggered at 2026-03-26 18:46:36 WIB ===
Ping status: 303000
=== Keepalive triggered at 2026-03-27 05:24:51 WIB ===
Ping status: 303000
=== Keepalive triggered at 2026-03-27 09:00:38 WIB ===
Ping status: 303000
=== Keepalive triggered at 2026-03-27 18:38:38 WIB ===
Ping status: 303000
=== Keepalive triggered at 2026-03-28 05:27:43 WIB ===
Ping status: 303000
=== Keepalive triggered at 2026-03-28 08:51:39 WIB ===
Ping status: 303000
=== Keepalive triggered at 2026-03-28 18:24:49 WIB ===
Ping status: 303000
=== Keepalive triggered at 2026-03-29 05:24:24 WIB ===
Ping status: 303000
=== Keepalive triggered at 2026-03-29 09:03:19 WIB ===
Ping status: 303000
=== Keepalive triggered at 2026-03-29 18:25:04 WIB ===
Ping status: 303000
=== Keepalive triggered at 2026-03-30 05:26:18 WIB ===
Ping status: 303000
=== Keepalive triggered at 2026-03-30 09:05:22 WIB ===
Ping status: 303000
=== Keepalive triggered at 2026-03-30 18:52:40 WIB ===
Ping status: 303000
=== Keepalive triggered at 2026-03-31 05:30:59 WIB ===
Ping status: 303000
=== Keepalive triggered at 2026-03-31 09:01:26 WIB ===
Ping status: 303000
=== Keepalive triggered at 2026-03-31 18:43:50 WIB ===
Ping status: 303000
=== Keepalive triggered at 2026-04-01 05:30:23 WIB ===
Ping status: 303000
=== Keepalive triggered at 2026-04-01 09:10:04 WIB ===
Ping status: 303000
=== Keepalive triggered at 2026-04-01 18:49:53 WIB ===
Ping status: 303000
=== Keepalive triggered at 2026-04-02 05:33:16 WIB ===
Ping status: 303000
=== Keepalive triggered at 2026-04-02 08:57:37 WIB ===
Ping status: 303000
=== Keepalive triggered at 2026-04-02 18:42:18 WIB ===
Ping status: 303000
=== Keepalive triggered at 2026-04-03 05:27:21 WIB ===
Ping status: 303000
=== Keepalive triggered at 2026-04-03 08:59:17 WIB ===
Ping status: 303000
=== Keepalive triggered at 2026-04-03 18:34:30 WIB ===
Ping status: 303000
=== Keepalive triggered at 2026-04-04 05:28:22 WIB ===
Ping status: 303000
=== Keepalive triggered at 2026-04-04 08:51:47 WIB ===
Ping status: 303000
=== Keepalive triggered at 2026-04-04 18:25:26 WIB ===
Ping status: 303000
=== Keepalive triggered at 2026-04-05 05:25:28 WIB ===
Ping status: 303000
=== Keepalive triggered at 2026-04-05 09:04:52 WIB ===
Ping status: 303000
=== Keepalive triggered at 2026-04-05 18:26:16 WIB ===
Ping status: 303000
=== Keepalive triggered at 2026-04-06 05:26:39 WIB ===
Ping status: 303000
=== Keepalive triggered at 2026-04-06 09:06:04 WIB ===
Ping status: 303000
=== Keepalive triggered at 2026-04-06 18:44:21 WIB ===
Ping status: 303000
=== Keepalive triggered at 2026-04-07 05:31:35 WIB ===
Ping status: 303000
=== Keepalive triggered at 2026-04-07 09:01:52 WIB ===
Ping status: 303000
=== Keepalive triggered at 2026-04-07 18:50:50 WIB ===
Ping status: 303000
=== Keepalive triggered at 2026-04-08 05:34:03 WIB ===
Ping status: 303000
=== Keepalive triggered at 2026-04-08 09:02:57 WIB ===
Ping status: 303000
=== Keepalive triggered at 2026-04-08 18:51:32 WIB ===
Ping status: 303000
=== Keepalive triggered at 2026-04-09 05:34:51 WIB ===
Ping status: 303000
=== Keepalive triggered at 2026-04-09 08:54:44 WIB ===
Ping status: 303000
=== Keepalive triggered at 2026-04-09 18:52:22 WIB ===
Ping status: 303000
=== Keepalive triggered at 2026-04-10 05:36:48 WIB ===
Ping status: 303000
=== Keepalive triggered at 2026-04-10 09:07:49 WIB ===
Ping status: 303000
=== Keepalive triggered at 2026-04-10 18:43:25 WIB ===
Ping status: 303000
=== Keepalive triggered at 2026-04-11 05:32:47 WIB ===
Ping status: 303000
=== Keepalive triggered at 2026-04-11 08:56:16 WIB ===
Ping status: 303000
=== Keepalive triggered at 2026-04-11 18:26:37 WIB ===
Ping status: 303000
=== Keepalive triggered at 2026-04-12 05:27:35 WIB ===
Ping status: 303000
=== Keepalive triggered at 2026-04-12 09:09:34 WIB ===
Ping status: 303000
=== Keepalive triggered at 2026-04-12 18:30:59 WIB ===
Ping status: 303000
=== Keepalive triggered at 2026-04-13 05:28:49 WIB ===
Ping status: 303000
=== Keepalive triggered at 2026-04-13 09:13:36 WIB ===
Ping status: 303000
=== Keepalive triggered at 2026-04-13 18:59:52 WIB ===
Ping status: 303000
=== Keepalive triggered at 2026-04-14 05:39:24 WIB ===
Ping status: 303000
=== Keepalive triggered at 2026-04-14 09:08:34 WIB ===
Ping status: 303000
=== Keepalive triggered at 2026-04-14 18:54:52 WIB ===
Ping status: 303000
=== Keepalive triggered at 2026-04-15 05:40:47 WIB ===
Ping status: 303000
=== Keepalive triggered at 2026-04-15 09:05:28 WIB ===
Ping status: 303000
=== Keepalive triggered at 2026-04-15 18:53:40 WIB ===
Ping status: 303000
=== Keepalive triggered at 2026-04-16 05:37:52 WIB ===
Ping status: 303000
=== Keepalive triggered at 2026-04-16 09:13:04 WIB ===
Ping status: 303000
=== Keepalive triggered at 2026-04-16 18:56:18 WIB ===
Ping status: 303000
=== Keepalive triggered at 2026-04-17 05:35:35 WIB ===
Ping status: 303000
=== Keepalive triggered at 2026-04-17 09:09:25 WIB ===
Ping status: 303000
=== Keepalive triggered at 2026-04-17 18:48:35 WIB ===
Ping status: 303000
=== Keepalive triggered at 2026-04-18 05:34:11 WIB ===
Ping status: 303000
=== Keepalive triggered at 2026-04-18 09:00:28 WIB ===
Ping status: 303000
=== Keepalive triggered at 2026-04-18 18:31:23 WIB ===
Ping status: 303000
=== Keepalive triggered at 2026-04-19 05:29:35 WIB ===
Ping status: 303000
=== Keepalive triggered at 2026-04-19 09:13:40 WIB ===
Ping status: 303000
=== Keepalive triggered at 2026-04-19 18:32:09 WIB ===
Ping status: 303000
=== Keepalive triggered at 2026-04-20 05:30:42 WIB ===
Ping status: 303000
=== Keepalive triggered at 2026-04-20 09:13:50 WIB ===
Ping status: 303000
=== Keepalive triggered at 2026-04-20 19:00:37 WIB ===
Ping status: 303000
=== Keepalive triggered at 2026-04-21 05:39:18 WIB ===
Ping status: 303000
=== Keepalive triggered at 2026-04-21 09:09:56 WIB ===
Ping status: 303000
=== Keepalive triggered at 2026-04-21 18:57:43 WIB ===
Ping status: 303000
=== Keepalive triggered at 2026-04-22 05:34:22 WIB ===
Ping status: 303000
=== Keepalive triggered at 2026-04-22 09:08:18 WIB ===
Ping status: 303000
=== Keepalive triggered at 2026-04-22 18:57:19 WIB ===
Ping status: 303000
=== Keepalive triggered at 2026-04-23 05:42:33 WIB ===
Ping status: 303000
=== Keepalive triggered at 2026-04-23 09:12:11 WIB ===
Ping status: 303000
=== Keepalive triggered at 2026-04-23 18:56:52 WIB ===
Ping status: 303000
=== Keepalive triggered at 2026-04-24 05:39:44 WIB ===
Ping status: 303000
=== Keepalive triggered at 2026-04-24 09:12:28 WIB ===
Ping status: 303000
=== Keepalive triggered at 2026-04-24 18:54:03 WIB ===
Ping status: 303000
=== Keepalive triggered at 2026-04-25 05:35:32 WIB ===
Ping status: 303000
=== Keepalive triggered at 2026-04-25 09:02:55 WIB ===
Ping status: 303000
=== Keepalive triggered at 2026-04-25 18:35:03 WIB ===
Ping status: 303000
=== Keepalive triggered at 2026-04-26 05:32:39 WIB ===
Ping status: 303000
=== Keepalive triggered at 2026-04-26 09:25:12 WIB ===
Ping status: 303000
=== Keepalive triggered at 2026-04-26 18:36:09 WIB ===
Ping status: 303000
=== Keepalive triggered at 2026-04-27 05:33:45 WIB ===
Ping status: 303000
=== Keepalive triggered at 2026-04-27 09:27:24 WIB ===
Ping status: 303000
=== Keepalive triggered at 2026-04-27 19:18:18 WIB ===
Ping status: 303000
=== Keepalive triggered at 2026-04-28 05:46:49 WIB ===
Ping status: 303000
=== Keepalive triggered at 2026-04-28 09:34:49 WIB ===
Ping status: 303000
=== Keepalive triggered at 2026-04-28 19:22:06 WIB ===
Ping status: 303000
=== Keepalive triggered at 2026-04-29 05:53:12 WIB ===
Ping status: 303000
=== Keepalive triggered at 2026-04-29 09:34:51 WIB ===
Ping status: 303000
=== Keepalive triggered at 2026-04-29 19:14:15 WIB ===
Ping status: 303000
=== Keepalive triggered at 2026-04-30 05:53:07 WIB ===
Ping status: 303000
=== Keepalive triggered at 2026-04-30 09:35:51 WIB ===
Ping status: 303000
=== Keepalive triggered at 2026-04-30 19:12:13 WIB ===
Ping status: 303000
=== Keepalive triggered at 2026-05-01 05:50:05 WIB ===
Ping status: 303000
=== Keepalive triggered at 2026-05-01 09:41:40 WIB ===
Ping status: 303000
=== Keepalive triggered at 2026-05-01 18:55:42 WIB ===
Ping status: 303000
=== Keepalive triggered at 2026-05-02 05:44:07 WIB ===
Ping status: 303000
=== Keepalive triggered at 2026-05-02 09:24:43 WIB ===
Ping status: 303000
=== Keepalive triggered at 2026-05-02 18:41:12 WIB ===
Ping status: 303000
=== Keepalive triggered at 2026-05-03 05:35:49 WIB ===
Ping status: 303000
=== Keepalive triggered at 2026-05-03 09:33:06 WIB ===
Ping status: 303000
=== Keepalive triggered at 2026-05-03 18:38:35 WIB ===
Ping status: 303000
=== Keepalive triggered at 2026-05-04 05:36:05 WIB ===
Ping status: 303000
=== Keepalive triggered at 2026-05-04 09:31:47 WIB ===
Ping status: 303000
=== Keepalive triggered at 2026-05-04 19:19:05 WIB ===
Ping status: 303000
=== Keepalive triggered at 2026-05-05 05:54:04 WIB ===
Ping status: 303000
=== Keepalive triggered at 2026-05-05 09:26:15 WIB ===
Ping status: 303000
=== Keepalive triggered at 2026-05-05 18:57:13 WIB ===
Ping status: 303000
=== Keepalive triggered at 2026-05-06 05:51:44 WIB ===
Ping status: 303000
=== Keepalive triggered at 2026-05-06 09:29:47 WIB ===
Ping status: 303000
=== Keepalive triggered at 2026-05-06 19:25:22 WIB ===
Ping status: 303000
=== Keepalive triggered at 2026-05-07 05:46:04 WIB ===
Ping status: 303000
=== Keepalive triggered at 2026-05-07 09:31:59 WIB ===
Ping status: 303000
=== Keepalive triggered at 2026-05-07 19:26:52 WIB ===
Ping status: 303000
=== Keepalive triggered at 2026-05-08 05:58:05 WIB ===
Ping status: 303000
=== Keepalive triggered at 2026-05-08 09:38:44 WIB ===
Ping status: 303000
=== Keepalive triggered at 2026-05-08 19:06:18 WIB ===
Ping status: 303000
=== Keepalive triggered at 2026-05-09 05:52:16 WIB ===
Ping status: 303000
=== Keepalive triggered at 2026-05-09 09:32:18 WIB ===
Ping status: 303000
=== Keepalive triggered at 2026-05-09 18:46:36 WIB ===
Ping status: 303000
=== Keepalive triggered at 2026-05-10 05:37:51 WIB ===
Ping status: 303000
=== Keepalive triggered at 2026-05-10 09:35:51 WIB ===
Ping status: 303000
=== Keepalive triggered at 2026-05-10 18:46:44 WIB ===
Ping status: 303000
=== Keepalive triggered at 2026-05-11 05:41:37 WIB ===
Ping status: 303000
=== Keepalive triggered at 2026-05-11 09:45:30 WIB ===
Ping status: 303000
=== Keepalive triggered at 2026-05-11 20:44:21 WIB ===
Ping status: 303000
=== Keepalive triggered at 2026-05-12 05:50:16 WIB ===
Ping status: 303000
=== Keepalive triggered at 2026-05-12 09:38:11 WIB ===
Ping status: 303000
=== Keepalive triggered at 2026-05-12 20:02:13 WIB ===
Ping status: 303000
=== Keepalive triggered at 2026-05-13 05:56:05 WIB ===
Ping status: 303000
=== Keepalive triggered at 2026-05-13 09:44:16 WIB ===
Ping status: 303000
=== Keepalive triggered at 2026-05-13 20:07:23 WIB ===
Ping status: 303000
=== Keepalive triggered at 2026-05-14 06:02:10 WIB ===
Ping status: 303000
=== Keepalive triggered at 2026-05-14 09:45:10 WIB ===
Ping status: 303000
=== Keepalive triggered at 2026-05-14 19:23:18 WIB ===
Ping status: 303000
=== Keepalive triggered at 2026-05-15 05:53:06 WIB ===
Ping status: 303000
=== Keepalive triggered at 2026-05-15 09:45:54 WIB ===
Ping status: 303000
=== Keepalive triggered at 2026-05-15 19:28:26 WIB ===
Ping status: 303000
=== Keepalive triggered at 2026-05-16 05:51:04 WIB ===
Ping status: 303000
=== Keepalive triggered at 2026-05-16 09:35:02 WIB ===
Ping status: 303000
=== Keepalive triggered at 2026-05-16 18:46:42 WIB ===
Ping status: 303000
=== Keepalive triggered at 2026-05-17 05:40:19 WIB ===
Ping status: 303000
=== Keepalive triggered at 2026-05-17 09:43:17 WIB ===
Ping status: 303000
=== Keepalive triggered at 2026-05-17 18:57:16 WIB ===
Ping status: 303000
=== Keepalive triggered at 2026-05-18 05:50:01 WIB ===
Ping status: 303000
=== Keepalive triggered at 2026-05-18 09:53:18 WIB ===
Ping status: 303000
=== Keepalive triggered at 2026-05-18 21:27:29 WIB ===
Ping status: 303000
=== Keepalive triggered at 2026-05-19 05:56:33 WIB ===
Ping status: 303000
=== Keepalive triggered at 2026-05-19 09:50:13 WIB ===
Ping status: 303000
=== Keepalive triggered at 2026-05-19 20:53:13 WIB ===
Ping status: 303000
=== Keepalive triggered at 2026-05-20 05:59:27 WIB ===
Ping status: 303000
=== Keepalive triggered at 2026-05-20 09:50:53 WIB ===
Ping status: 303000
=== Keepalive triggered at 2026-05-20 20:35:50 WIB ===
Ping status: 303000
=== Keepalive triggered at 2026-05-21 06:08:32 WIB ===
Ping status: 303000
=== Keepalive triggered at 2026-05-21 09:53:58 WIB ===
Ping status: 303000
=== Keepalive triggered at 2026-05-21 21:11:07 WIB ===
Ping status: 303000
=== Keepalive triggered at 2026-05-22 05:59:24 WIB ===
Ping status: 303000
=== Keepalive triggered at 2026-05-22 09:53:52 WIB ===
Ping status: 303000
=== Keepalive triggered at 2026-05-22 20:27:55 WIB ===
Ping status: 303000
=== Keepalive triggered at 2026-05-23 05:53:39 WIB ===
Ping status: 303000
=== Keepalive triggered at 2026-05-23 09:39:05 WIB ===
Ping status: 303000
=== Keepalive triggered at 2026-05-23 18:57:09 WIB ===
Ping status: 303000
=== Keepalive triggered at 2026-05-24 05:48:49 WIB ===
Ping status: 303000
=== Keepalive triggered at 2026-05-24 09:51:03 WIB ===
Ping status: 303000
=== Keepalive triggered at 2026-05-24 18:58:34 WIB ===
Ping status: 303000
=== Keepalive triggered at 2026-05-25 05:53:55 WIB ===
Ping status: 303000
=== Keepalive triggered at 2026-05-25 10:25:41 WIB ===
Ping status: 303000
=== Keepalive triggered at 2026-05-25 20:57:11 WIB ===
Ping status: 303000
=== Keepalive triggered at 2026-05-26 05:56:07 WIB ===
Ping status: 303000
=== Keepalive triggered at 2026-05-26 09:47:00 WIB ===
Ping status: 303000
=== Keepalive triggered at 2026-05-26 20:50:36 WIB ===
Ping status: 303000
=== Keepalive triggered at 2026-05-27 06:05:27 WIB ===
Ping status: 303000
=== Keepalive triggered at 2026-05-27 09:58:05 WIB ===
Ping status: 303000
=== Keepalive triggered at 2026-05-27 21:23:21 WIB ===
Ping status: 303000
=== Keepalive triggered at 2026-05-28 06:13:07 WIB ===
Ping status: 303000
=== Keepalive triggered at 2026-05-28 09:45:29 WIB ===
Ping status: 303000
=== Keepalive triggered at 2026-05-28 21:34:06 WIB ===
Ping status: 303000
=== Keepalive triggered at 2026-05-29 06:10:46 WIB ===
Ping status: 303000
=== Keepalive triggered at 2026-05-29 09:49:21 WIB ===
Ping status: 303000
=== Keepalive triggered at 2026-05-29 20:55:40 WIB ===
Ping status: 303000
=== Keepalive triggered at 2026-05-30 06:08:38 WIB ===
Ping status: 303000
=== Keepalive triggered at 2026-05-30 09:42:51 WIB ===
Ping status: 303000
=== Keepalive triggered at 2026-05-30 19:02:03 WIB ===
Ping status: 303000
=== Keepalive triggered at 2026-05-31 05:54:40 WIB ===
Ping status: 303000
=== Keepalive triggered at 2026-05-31 10:24:16 WIB ===
Ping status: 303000
=== Keepalive triggered at 2026-05-31 19:08:33 WIB ===
Ping status: 303000
=== Keepalive triggered at 2026-06-01 05:56:32 WIB ===
Ping status: 303000
=== Keepalive triggered at 2026-06-01 10:37:08 WIB ===
Ping status: 303000
=== Keepalive triggered at 2026-06-01 23:34:11 WIB ===
Ping status: 303000
=== Keepalive triggered at 2026-06-02 06:24:09 WIB ===
Ping status: 303000
=== Keepalive triggered at 2026-06-02 10:33:48 WIB ===
Ping status: 303000
=== Keepalive triggered at 2026-06-02 21:47:59 WIB ===
Ping status: 303000
=== Keepalive triggered at 2026-06-03 06:42:01 WIB ===
Ping status: 303000
=== Keepalive triggered at 2026-06-03 10:40:29 WIB ===
Ping status: 303000
=== Keepalive triggered at 2026-06-03 22:24:50 WIB ===
Ping status: 303000
=== Keepalive triggered at 2026-06-04 06:28:30 WIB ===
Ping status: 303000
=== Keepalive triggered at 2026-06-04 10:36:13 WIB ===
Ping status: 303000
=== Keepalive triggered at 2026-06-04 20:55:41 WIB ===
Ping status: 303000
=== Keepalive triggered at 2026-06-05 06:05:34 WIB ===
Ping status: 303000
=== Keepalive triggered at 2026-06-05 09:58:19 WIB ===
Ping status: 303000
=== Keepalive triggered at 2026-06-05 20:50:05 WIB ===
Ping status: 303000
=== Keepalive triggered at 2026-06-06 06:03:30 WIB ===
Ping status: 303000
=== Keepalive triggered at 2026-06-06 09:45:24 WIB ===
Ping status: 303000
=== Keepalive triggered at 2026-06-06 19:03:26 WIB ===
Ping status: 303000
=== Keepalive triggered at 2026-06-07 05:58:52 WIB ===
Ping status: 303000
=== Keepalive triggered at 2026-06-07 10:28:42 WIB ===
Ping status: 303000
=== Keepalive triggered at 2026-06-07 19:17:34 WIB ===
Ping status: 303000
=== Keepalive triggered at 2026-06-08 06:00:29 WIB ===
Ping status: 303000
=== Keepalive triggered at 2026-06-08 10:34:17 WIB ===
Ping status: 303000
=== Keepalive triggered at 2026-06-08 21:45:26 WIB ===
Ping status: 303000
=== Keepalive triggered at 2026-06-09 06:09:26 WIB ===
Ping status: 303000
=== Keepalive triggered at 2026-06-09 09:44:10 WIB ===
Ping status: 303000
=== Keepalive triggered at 2026-06-09 20:41:31 WIB ===
Ping status: 303000
=== Keepalive triggered at 2026-06-10 06:14:48 WIB ===
Ping status: 303000
=== Keepalive triggered at 2026-06-10 09:57:24 WIB ===
Ping status: 303000
=== Keepalive triggered at 2026-06-10 21:19:27 WIB ===
Ping status: 303000
=== Keepalive triggered at 2026-06-11 06:22:17 WIB ===
Ping status: 303000
=== Keepalive triggered at 2026-06-11 10:32:40 WIB ===
Ping status: 303000
=== Keepalive triggered at 2026-06-11 21:32:43 WIB ===
Ping status: 303000
=== Keepalive triggered at 2026-06-12 06:18:16 WIB ===
Ping status: 303000
=== Keepalive triggered at 2026-06-12 10:32:00 WIB ===
Ping status: 303000
=== Keepalive triggered at 2026-06-12 21:07:16 WIB ===
Ping status: 303000
=== Keepalive triggered at 2026-06-13 06:13:17 WIB ===
Ping status: 303000
=== Keepalive triggered at 2026-06-13 09:57:17 WIB ===
Ping status: 303000
=== Keepalive triggered at 2026-06-13 19:21:31 WIB ===
Ping status: 303000
=== Keepalive triggered at 2026-06-14 06:00:13 WIB ===
Ping status: 303000
=== Keepalive triggered at 2026-06-14 10:35:17 WIB ===
Ping status: 303000
=== Keepalive triggered at 2026-06-14 19:58:20 WIB ===
Ping status: 303000
=== Keepalive triggered at 2026-06-15 06:04:15 WIB ===
Ping status: 303000
=== Keepalive triggered at 2026-06-15 10:46:02 WIB ===
Ping status: 303000
=== Keepalive triggered at 2026-06-15 23:13:03 WIB ===
Ping status: 303000
=== Keepalive triggered at 2026-06-16 06:42:33 WIB ===
Ping status: 303000
=== Keepalive triggered at 2026-06-16 10:39:52 WIB ===
Ping status: 303000
=== Keepalive triggered at 2026-06-16 22:49:46 WIB ===
Ping status: 303000
=== Keepalive triggered at 2026-06-17 06:20:28 WIB ===
Ping status: 303000
=== Keepalive triggered at 2026-06-17 10:39:07 WIB ===
Ping status: 303000
=== Keepalive triggered at 2026-06-17 21:23:50 WIB ===
Ping status: 303000
=== Keepalive triggered at 2026-06-18 06:19:37 WIB ===
Ping status: 303000
=== Keepalive triggered at 2026-06-18 10:31:16 WIB ===
Ping status: 303000
=== Keepalive triggered at 2026-06-18 21:07:23 WIB ===
Ping status: 303000
=== Keepalive triggered at 2026-06-19 06:41:39 WIB ===
Ping status: 303000
=== Keepalive triggered at 2026-06-19 10:53:12 WIB ===
Ping status: 303000
=== Keepalive triggered at 2026-06-19 20:58:43 WIB ===
Ping status: 303000
=== Keepalive triggered at 2026-06-20 05:51:37 WIB ===
Ping status: 303000
=== Keepalive triggered at 2026-06-20 09:55:26 WIB ===
Ping status: 303000
=== Keepalive triggered at 2026-06-20 19:24:54 WIB ===
Ping status: 303000
=== Keepalive triggered at 2026-06-21 06:02:57 WIB ===
Ping status: 303000
=== Keepalive triggered at 2026-06-21 10:41:49 WIB ===
Ping status: 303000
=== Keepalive triggered at 2026-06-21 20:02:35 WIB ===
Ping status: 303000
=== Keepalive triggered at 2026-06-22 06:08:27 WIB ===
Ping status: 303000
=== Keepalive triggered at 2026-06-22 10:45:39 WIB ===
Ping status: 303000
=== Keepalive triggered at 2026-06-22 22:48:09 WIB ===
Ping status: 303000
=== Keepalive triggered at 2026-06-23 06:15:43 WIB ===
Ping status: 303000
=== Keepalive triggered at 2026-06-23 09:49:41 WIB ===
Ping status: 303000
=== Keepalive triggered at 2026-06-23 20:41:36 WIB ===
Ping status: 303000
=== Keepalive triggered at 2026-06-24 06:05:06 WIB ===
Ping status: 303000
=== Keepalive triggered at 2026-06-24 09:50:21 WIB ===
Ping status: 303000
=== Keepalive triggered at 2026-06-24 20:17:03 WIB ===
Ping status: 303000
=== Keepalive triggered at 2026-06-25 06:00:49 WIB ===
Ping status: 303000
=== Keepalive triggered at 2026-06-25 09:49:59 WIB ===
Ping status: 303000
=== Keepalive triggered at 2026-06-25 20:12:55 WIB ===
Ping status: 303000
=== Keepalive triggered at 2026-06-26 06:13:25 WIB ===
Ping status: 303000
=== Keepalive triggered at 2026-06-26 09:54:56 WIB ===
Ping status: 303000
=== Keepalive triggered at 2026-06-26 20:07:25 WIB ===
Ping status: 303000
=== Keepalive triggered at 2026-06-27 06:01:30 WIB ===
Ping status: 303000
=== Keepalive triggered at 2026-06-27 09:44:45 WIB ===
Ping status: 303000
=== Keepalive triggered at 2026-06-27 19:06:02 WIB ===
Ping status: 303000
=== Keepalive triggered at 2026-06-28 05:58:37 WIB ===
Ping status: 303000
=== Keepalive triggered at 2026-06-28 10:24:19 WIB ===
Ping status: 303000
=== Keepalive triggered at 2026-06-28 19:13:53 WIB ===
Ping status: 303000
=== Keepalive triggered at 2026-06-29 05:58:23 WIB ===
Ping status: 303000
=== Keepalive triggered at 2026-06-29 10:29:09 WIB ===
Ping status: 303000
=== Keepalive triggered at 2026-06-29 21:44:34 WIB ===
Ping status: 303000
=== Keepalive triggered at 2026-06-30 05:52:16 WIB ===
Ping status: 303000
=== Keepalive triggered at 2026-06-30 09:54:13 WIB ===
Ping status: 303000
=== Keepalive triggered at 2026-06-30 20:07:23 WIB ===
Ping status: 303000
=== Keepalive triggered at 2026-07-01 06:06:44 WIB ===
Ping status: 303000
=== Keepalive triggered at 2026-07-01 10:24:27 WIB ===
Ping status: 303000
=== Keepalive triggered at 2026-07-01 20:31:29 WIB ===
Ping status: 303000
=== Keepalive triggered at 2026-07-02 06:09:34 WIB ===
Ping status: 303000
=== Keepalive triggered at 2026-07-02 09:50:29 WIB ===
Ping status: 303000
=== Keepalive triggered at 2026-07-02 19:53:47 WIB ===
Ping status: 303000
=== Keepalive triggered at 2026-07-03 05:59:57 WIB ===
Ping status: 303000
=== Keepalive triggered at 2026-07-03 09:33:37 WIB ===
Ping status: 303000
=== Keepalive triggered at 2026-07-03 19:53:44 WIB ===
Ping status: 303000
=== Keepalive triggered at 2026-07-04 05:57:24 WIB ===
Ping status: 303000
=== Keepalive triggered at 2026-07-04 09:30:49 WIB ===
Ping status: 303000
=== Keepalive triggered at 2026-07-04 19:03:23 WIB ===
Ping status: 303000
=== Keepalive triggered at 2026-07-05 05:54:12 WIB ===
Ping status: 303000
=== Keepalive triggered at 2026-07-05 09:40:52 WIB ===
Ping status: 303000
=== Keepalive triggered at 2026-07-05 19:11:46 WIB ===
Ping status: 303000
=== Keepalive triggered at 2026-07-06 05:57:51 WIB ===
Ping status: 303000
=== Keepalive triggered at 2026-07-06 09:46:00 WIB ===
Ping status: 303000
=== Keepalive triggered at 2026-07-06 21:21:29 WIB ===
Ping status: 303000
=== Keepalive triggered at 2026-07-07 06:02:41 WIB ===
Ping status: 303000
=== Keepalive triggered at 2026-07-07 09:41:46 WIB ===
Ping status: 303000
=== Keepalive triggered at 2026-07-07 20:15:24 WIB ===
Ping status: 303000
=== Keepalive triggered at 2026-07-08 05:56:38 WIB ===
Ping status: 303000
=== Keepalive triggered at 2026-07-08 09:20:33 WIB ===
Ping status: 303000
=== Keepalive triggered at 2026-07-08 19:16:58 WIB ===
Ping status: 303000
=== Keepalive triggered at 2026-07-09 06:00:36 WIB ===
Ping status: 303000
=== Keepalive triggered at 2026-07-09 09:33:26 WIB ===
Ping status: 303000
=== Keepalive triggered at 2026-07-09 20:45:18 WIB ===
Ping status: 303000
=== Keepalive triggered at 2026-07-10 06:07:12 WIB ===
Ping status: 303000
=== Keepalive triggered at 2026-07-10 09:35:36 WIB ===
Ping status: 303000
=== Keepalive triggered at 2026-07-10 20:08:28 WIB ===
Ping status: 303000
=== Keepalive triggered at 2026-07-11 05:56:14 WIB ===
Ping status: 303000
=== Keepalive triggered at 2026-07-11 09:11:26 WIB ===
Ping status: 303000
=== Keepalive triggered at 2026-07-11 18:48:39 WIB ===
Ping status: 303000
=== Keepalive triggered at 2026-07-12 05:42:07 WIB ===
Ping status: 303000
=== Keepalive triggered at 2026-07-12 09:21:54 WIB ===
Ping status: 303000
=== Keepalive triggered at 2026-07-12 18:55:21 WIB ===
Ping status: 303000
=== Keepalive triggered at 2026-07-13 05:42:01 WIB ===
Ping status: 303000
=== Keepalive triggered at 2026-07-13 09:23:31 WIB ===
Ping status: 303000
=== Keepalive triggered at 2026-07-13 20:18:09 WIB ===
Ping status: 303000
=== Keepalive triggered at 2026-07-14 05:51:52 WIB ===
Ping status: 303000
=== Keepalive triggered at 2026-07-14 09:03:12 WIB ===
Ping status: 303000
=== Keepalive triggered at 2026-07-14 19:06:53 WIB ===
Ping status: 303000
=== Keepalive triggered at 2026-07-15 05:53:39 WIB ===
Ping status: 303000
=== Keepalive triggered at 2026-07-15 09:00:45 WIB ===
Ping status: 303000
=== Keepalive triggered at 2026-07-15 19:10:49 WIB ===
Ping status: 303000
=== Keepalive triggered at 2026-07-16 05:55:04 WIB ===
Ping status: 303000
=== Keepalive triggered at 2026-07-16 09:09:59 WIB ===
Ping status: 303000
=== Keepalive triggered at 2026-07-16 19:17:29 WIB ===
Ping status: 303000
=== Keepalive triggered at 2026-07-17 05:53:14 WIB ===
Ping status: 303000
=== Keepalive triggered at 2026-07-17 09:12:53 WIB ===
Ping status: 303000
=== Keepalive triggered at 2026-07-17 19:05:02 WIB ===
Ping status: 303000
=== Keepalive triggered at 2026-07-18 05:43:32 WIB ===
Ping status: 303000
=== Keepalive triggered at 2026-07-18 09:02:35 WIB ===
Ping status: 303000
=== Keepalive triggered at 2026-07-18 18:50:17 WIB ===
Ping status: 303000
=== Keepalive triggered at 2026-07-19 05:43:10 WIB ===
Ping status: 303000
=== Keepalive triggered at 2026-07-19 09:14:18 WIB ===
Ping status: 303000
=== Keepalive triggered at 2026-07-19 18:52:58 WIB ===
Ping status: 303000
=== Keepalive triggered at 2026-07-20 05:45:48 WIB ===
Ping status: 303000
=== Keepalive triggered at 2026-07-20 09:34:37 WIB ===
Ping status: 303000
=== Keepalive triggered at 2026-07-20 20:02:07 WIB ===
Ping status: 303000
=== Keepalive triggered at 2026-07-21 05:54:52 WIB ===
Ping status: 303000
=== Keepalive triggered at 2026-07-21 09:12:42 WIB ===
Ping status: 303000
=== Keepalive triggered at 2026-07-21 19:21:06 WIB ===
Ping status: 303000
=== Keepalive triggered at 2026-07-22 05:50:59 WIB ===
Ping status: 303000
=== Keepalive triggered at 2026-07-22 09:10:55 WIB ===
Ping status: 303000
=== Keepalive triggered at 2026-07-22 19:22:34 WIB ===
Ping status: 303000
=== Keepalive triggered at 2026-07-23 05:56:49 WIB ===
Ping status: 303000
=== Keepalive triggered at 2026-07-23 09:22:33 WIB ===
Ping status: 303000
=== Keepalive triggered at 2026-07-23 19:20:12 WIB ===
Ping status: 303000
=== Keepalive triggered at 2026-07-24 05:51:43 WIB ===
Ping status: 303000
=== Keepalive triggered at 2026-07-24 09:13:42 WIB ===
Ping status: 303000
=== Keepalive triggered at 2026-07-24 19:16:01 WIB ===
Ping status: 303000
=== Keepalive triggered at 2026-07-25 05:56:57 WIB ===
Ping status: 303000
=== Keepalive triggered at 2026-07-25 09:12:58 WIB ===
Ping status: 303000
=== Keepalive triggered at 2026-07-25 18:59:18 WIB ===
Ping status: 303000
=== Keepalive triggered at 2026-07-26 05:50:11 WIB ===
Ping status: 303000
=== Keepalive triggered at 2026-07-26 09:24:00 WIB ===
Ping status: 303000
=== Keepalive triggered at 2026-07-26 18:59:04 WIB ===
Ping status: 303000
=== Keepalive triggered at 2026-07-27 05:55:28 WIB ===
Ping status: 303000
=== Keepalive triggered at 2026-07-27 09:31:24 WIB ===
Ping status: 303000
=== Keepalive triggered at 2026-07-27 20:36:00 WIB ===
Ping status: 303000
=== Keepalive triggered at 2026-07-28 05:56:19 WIB ===
Ping status: 303000
=== Keepalive triggered at 2026-07-28 09:06:30 WIB ===
Ping status: 303000
=== Keepalive triggered at 2026-07-28 19:50:08 WIB ===
Ping status: 303000
=== Keepalive triggered at 2026-07-29 05:54:08 WIB ===
Ping status: 303000
=== Keepalive triggered at 2026-07-29 09:09:48 WIB ===
Ping status: 303000
=== Keepalive triggered at 2026-07-29 19:57:03 WIB ===
Ping status: 303000
=== Keepalive triggered at 2026-07-30 05:56:05 WIB ===
Ping status: 303000
=== Keepalive triggered at 2026-07-30 08:59:10 WIB ===
Ping status: 303000
=== Keepalive triggered at 2026-07-30 19:25:53 WIB ===
Ping status: 303000
=== Keepalive triggered at 2026-07-31 06:00:39 WIB ===
Ping status: 303000
=== Keepalive triggered at 2026-07-31 09:24:13 WIB ===
Ping status: 303000
=== Keepalive triggered at 2026-07-31 19:52:28 WIB ===
Ping status: 303000
=== Keepalive triggered at 2026-08-01 05:55:04 WIB ===
Ping status: 303000
=== Keepalive triggered at 2026-08-01 09:26:03 WIB ===
Ping status: 303000
=== Keepalive triggered at 2026-08-01 18:59:24 WIB ===
Ping status: 303000
=== Keepalive triggered at 2026-08-02 05:54:26 WIB ===
Ping status: 303000
=== Keepalive triggered at 2026-08-02 09:22:28 WIB ===
Ping status: 303000
=== Keepalive triggered at 2026-08-02 18:58:35 WIB ===
Ping status: 303000
=== Keepalive triggered at 2026-08-03 05:51:38 WIB ===
Ping status: 303000
=== Keepalive triggered at 2026-08-03 09:24:53 WIB ===
Ping status: 303000
=== Keepalive triggered at 2026-08-03 20:36:41 WIB ===
Ping status: 303000
=== Keepalive triggered at 2026-08-04 05:55:51 WIB ===
Ping status: 303000
=== Keepalive triggered at 2026-08-04 09:04:58 WIB ===
Ping status: 303000
=== Keepalive triggered at 2026-08-04 19:56:58 WIB ===
Ping status: 303000
=== Keepalive triggered at 2026-08-05 05:58:01 WIB ===
Ping status: 303000
=== Keepalive triggered at 2026-08-05 09:04:09 WIB ===
Ping status: 303000
=== Keepalive triggered at 2026-08-05 19:48:58 WIB ===
Ping status: 303000
=== Keepalive triggered at 2026-08-06 05:54:07 WIB ===
Ping status: 303000
=== Keepalive triggered at 2026-08-06 09:08:14 WIB ===
Ping status: 303000
=== Keepalive triggered at 2026-08-06 19:52:49 WIB ===
Ping status: 303000
=== Keepalive triggered at 2026-08-07 08:28:25 WIB ===
Ping status: 303000
=== Keepalive triggered at 2026-08-07 18:41:30 WIB ===
Ping status: 303000
=== Keepalive triggered at 2026-08-08 05:29:26 WIB ===
Ping status: 303000
=== Keepalive triggered at 2026-08-08 08:14:34 WIB ===
Ping status: 303000
=== Keepalive triggered at 2026-08-08 18:23:22 WIB ===
Ping status: 303000
=== Keepalive triggered at 2026-08-09 05:22:45 WIB ===
Ping status: 303000
=== Keepalive triggered at 2026-08-09 08:19:09 WIB ===
Ping status: 303000
=== Keepalive triggered at 2026-08-09 18:23:49 WIB ===
Ping status: 303000
=== Keepalive triggered at 2026-08-10 05:24:48 WIB ===
Ping status: 303000
=== Keepalive triggered at 2026-08-10 08:20:57 WIB ===
Ping status: 303000
=== Keepalive triggered at 2026-08-10 18:42:58 WIB ===
Ping status: 303000
=== Keepalive triggered at 2026-08-11 05:32:01 WIB ===
Ping status: 303000
=== Keepalive triggered at 2026-08-11 08:18:59 WIB ===
Ping status: 303000
=== Keepalive triggered at 2026-08-11 18:39:33 WIB ===
Ping status: 303000
=== Keepalive triggered at 2026-08-12 05:36:00 WIB ===
Ping status: 303000
=== Keepalive triggered at 2026-08-12 08:27:17 WIB ===
Ping status: 303000
=== Keepalive triggered at 2026-08-12 18:41:38 WIB ===
Ping status: 303000
=== Keepalive triggered at 2026-08-13 05:34:48 WIB ===
Ping status: 303000
=== Keepalive triggered at 2026-08-13 08:37:32 WIB ===
Ping status: 303000
=== Keepalive triggered at 2026-08-13 18:41:17 WIB ===
Ping status: 303000
=== Keepalive triggered at 2026-08-14 05:35:46 WIB ===
Ping status: 303000
=== Keepalive triggered at 2026-08-14 08:28:06 WIB ===
Ping status: 303000
=== Keepalive triggered at 2026-08-14 18:40:25 WIB ===
Ping status: 303000
=== Keepalive triggered at 2026-08-15 05:17:09 WIB ===
Ping status: 303000
=== Keepalive triggered at 2026-08-15 07:58:11 WIB ===
Ping status: 303000
=== Keepalive triggered at 2026-08-15 18:15:08 WIB ===
Ping status: 303000
=== Keepalive triggered at 2026-08-16 05:15:44 WIB ===
Ping status: 303000
=== Keepalive triggered at 2026-08-16 08:01:16 WIB ===
Ping status: 303000
=== Keepalive triggered at 2026-08-16 18:15:20 WIB ===
Ping status: 303000
=== Keepalive triggered at 2026-08-17 05:15:21 WIB ===
Ping status: 303000
=== Keepalive triggered at 2026-08-17 07:59:01 WIB ===
Ping status: 303000
=== Keepalive triggered at 2026-08-17 18:19:56 WIB ===
Ping status: 303000
=== Keepalive triggered at 2026-08-18 05:18:44 WIB ===
Ping status: 303000
=== Keepalive triggered at 2026-08-18 07:57:12 WIB ===
Ping status: 303000
=== Keepalive triggered at 2026-08-18 18:20:08 WIB ===
Ping status: 303000
=== Keepalive triggered at 2026-08-19 05:17:14 WIB ===
Ping status: 303000
=== Keepalive triggered at 2026-08-19 07:58:02 WIB ===
Ping status: 303000
=== Keepalive triggered at 2026-08-19 18:19:55 WIB ===
Ping status: 303000
=== Keepalive triggered at 2026-08-20 05:18:58 WIB ===
Ping status: 303000
=== Keepalive triggered at 2026-08-20 07:57:43 WIB ===
Ping status: 303000
=== Keepalive triggered at 2026-08-20 18:21:12 WIB ===
Ping status: 303000
=== Keepalive triggered at 2026-08-21 05:20:47 WIB ===
Ping status: 303000
=== Keepalive triggered at 2026-08-21 08:01:29 WIB ===
Ping status: 303000
=== Keepalive triggered at 2026-08-21 18:20:31 WIB ===
Ping status: 303000
=== Keepalive triggered at 2026-08-22 05:18:18 WIB ===
Ping status: 303000
=== Keepalive triggered at 2026-08-22 07:57:59 WIB ===
Ping status: 303000
=== Keepalive triggered at 2026-08-22 18:16:18 WIB ===
Ping status: 303000
=== Keepalive triggered at 2026-08-23 05:16:13 WIB ===
Ping status: 303000
=== Keepalive triggered at 2026-08-23 08:02:37 WIB ===
Ping status: 303000
=== Keepalive triggered at 2026-08-23 18:16:28 WIB ===
Ping status: 303000
=== Keepalive triggered at 2026-08-24 05:15:49 WIB ===
Ping status: 303000
=== Keepalive triggered at 2026-08-24 08:00:20 WIB ===
Ping status: 303000
=== Keepalive triggered at 2026-08-24 18:22:07 WIB ===
Ping status: 303000
=== Keepalive triggered at 2026-08-25 05:19:54 WIB ===
Ping status: 303000
=== Keepalive triggered at 2026-08-25 07:59:56 WIB ===
Ping status: 303000
=== Keepalive triggered at 2026-08-25 18:21:59 WIB ===
Ping status: 303000
=== Keepalive triggered at 2026-08-26 05:20:45 WIB ===
Ping status: 303000
=== Keepalive triggered at 2026-08-26 08:01:27 WIB ===
Ping status: 303000
=== Keepalive triggered at 2026-08-26 18:24:05 WIB ===
Ping status: 303000
=== Keepalive triggered at 2026-08-27 09:50:12 WIB ===
Ping status: 303000
=== Keepalive triggered at 2026-08-28 03:52:57 WIB ===
Ping status: 303000
=== Keepalive triggered at 2026-08-28 12:55:09 WIB ===
Ping status: 303000
=== Keepalive triggered at 2026-08-29 04:18:12 WIB ===
Ping status: 303000
=== Keepalive triggered at 2026-08-29 10:27:16 WIB ===
Ping status: 303000
=== Keepalive triggered at 2026-08-29 22:25:51 WIB ===
Ping status: 303000
=== Keepalive triggered at 2026-08-30 06:50:47 WIB ===
Ping status: 303000
=== Keepalive triggered at 2026-08-30 10:18:15 WIB ===
Ping status: 303000
=== Keepalive triggered at 2026-08-30 22:08:34 WIB ===
Ping status: 303000
=== Keepalive triggered at 2026-08-31 07:09:42 WIB ===
Ping status: 303000
=== Keepalive triggered at 2026-09-01 00:48:50 WIB ===
Ping status: 303000
=== Keepalive triggered at 2026-09-01 07:57:00 WIB ===
Ping status: 303000
=== Keepalive triggered at 2026-09-01 22:21:38 WIB ===
Ping status: 303000
=== Keepalive triggered at 2026-09-02 06:44:28 WIB ===
Ping status: 303000
=== Keepalive triggered at 2026-09-02 09:35:27 WIB ===
Ping status: 303000
=== Keepalive triggered at 2026-09-02 21:54:51 WIB ===
Ping status: 303000
=== Keepalive triggered at 2026-09-03 06:47:55 WIB ===
Ping status: 303000
=== Keepalive triggered at 2026-09-03 09:42:18 WIB ===
Ping status: 303000
=== Keepalive triggered at 2026-09-03 21:50:24 WIB ===
Ping status: 303000
=== Keepalive triggered at 2026-09-04 06:44:49 WIB ===
Ping status: 303000
=== Keepalive triggered at 2026-09-04 09:39:09 WIB ===
Ping status: 303000
=== Keepalive triggered at 2026-09-04 21:43:40 WIB ===
Ping status: 303000
=== Keepalive triggered at 2026-09-05 06:39:23 WIB ===
Ping status: 303000
=== Keepalive triggered at 2026-09-05 09:40:30 WIB ===
Ping status: 303000
